<?xml version="1.0" encoding="UTF-8"?><remsig>  <operationId>1463326314143</operationId>  <pkcs12>MIIQfgIBAzCCEDgGCSqGSIb3DQEHAaCCECkEghAlMIIQITCCCeYGCSqGSIb3DQEHAaCCCdcEggnTMIIJzzCCCcsGCyqGSIb3DQEMCgECoIIJejCCCXYwKAYKKoZIhvcNAQwBAzAaBBREU28BoaurjEYsE3oSwgtcQxrn3AICBAAEgglISp89Nd/MB3RWynl4+oE5iuMSUgugHvBH9LKkN/4qpnTMw9jIORiWrYViQ7wEYb860Qv6ygdgD7/iL486dbAIk1jmMLO6Lzvga4N340ydg8OLylceKowjLW9LtqxQ4xjRLyymdW6MDV8w9lhaOSQ6xoH2El5ntWueeBjkW6T8glrKr86bOs9JAOgvmN0NfGPPEJwry5Q89beqv1hWx9PMZHCOKVYoxmwklZLQ6sWWK/Ge84mwOB/WPh8/TqdbVQWH+/ScYXz+rZtEEZoj/49BvUzqA/Eu4X/tsElRPs+GsFTeCsrxvrIJCJ6p9oDEBpwoKtvR/Y8IlkkohtCT0lbg8v+NVUKnr674L0NYaceSqk5GlaW+JMm8i75bjuJfQQ2A+syWKQtlTlKH5nQ5cK7/5ooNF8NoqAgEQibcVrm8kUxZtzAhf/apcvlfXQyX0Gk/W4ftM00PSvJ3VwqUSMNc0Ha90fAeN3f26MDJWdiH0RHyeUFyZ6bbO+m/q2zsXzI/LzF0iVcFYwFx3YRCNW5BFAyvW3gUoXmRM7InSIYF/4VKYAQ4Nxqj2hWYjHLDHt7KL5llQK6UgI8MfpJ6Co+0FLp7UBuiUzO3oUGQGD6p/H5eDclhH6gaYtyUsABCbZkspelU4WMHliWvP816rYwNZ2IEOM+1YEFdB7dlAH1lu6IrU3an5dqTwJeEQ6xdsBQiowSodQ8hqznc/PUAthmplHkI1jeth/Ompgj8+vjYiFhBWjsBujJ6CZjrDRt2LJAx8eiOhCkdqMn/r3BLaAsr83hBwkE1xIBcgp7pZz3S7WMQy4tPKcT3L0hmEWRwz++g5HGp9yVCafK6UbUHZNqGipr7mVMcB91SewFT68aMJYV7apMsuW5uA4icUFwZUWFB1WWGxPVl9qFIBUa4DA0nTCc7YPMBS/cdmInecYy4EB906GZQoKddO9/KzC7wm4tCPTXy3avyYl4o/q0GJMYID2gaNPaJ2YAz1hUfL6+sbm1x5u35E/eld3WA/yHm7mXwAmajSnvSEXBdAVTeWH9V3CTlqFa3ZywzFFNo1hcKIgmy2ft+hZLDXw9DC8G07Hc0vB3r7valH3kdHeOr7moflj7MUbg0VBKqE4j0vL9bICgjR8vhg0/jR6sgPz6JTHCcnV+Q1XxiL/VxzycXWX2It9X+I4131MFk2I1lOAF1KBwvJ4c9NEBinEqh9j+mYZVTHiST+MnaelGbfQ26PuRHXJBRNEyp+OElIwFFPY3q2yDgZUL4KkDftA6B5Y7XrVMT7TiyPboAVV6WNeTD62RDH64uA1EKxmg/vgnK7sHjBwswdLiRuocXT1/ejOViX3wKb1Bl1lAlyo2ICvimqcqbgvxctCI0+TSRzL6yBoNLlwX/VQdxPshYgzzVlfrjwDun7c+ngAgWiWLkKAuPvBzq9p9GukHWpm4Rk1wqbFHxHqTXN3DDtpD/Ohrp8y9dE7r1IJwALZ9SDbJlEtO4k7tzCALzsWjmoCpghVz+oAIOumedo20jQoM1ujJMGPBEyEIkXdNLMRSpJ6zxXv7lI2qlvRiCBXB2taIpA8/ORHgm4UMIebPs+lQcepVMB1FDI+JIyH4t1c0mnME/iCnpS96ubCi9uc0uyT3v0Pkr4POvMjhkLWQjMfcMYGAVJksKVL3yDDREsoLp4tgDQTVYxlmHxv6Ea+S3JZDlsGup3IZIdUSqkmPfoBHd5hapoTbOt/MIR0wrSMrdPslzREoqaKHvMiOUizGSuYAqRzCsOt2vL3EmNUhTAJkpnV4B0r5S57PEpkcYib9zGqj6OQqZCwBrX3CvNIgDMdohKCeRN3bn/f7+L5+EavTRIeSWDy1a99wCKtykv6I2HIXMySz4Gf0YgLkpjmaGgHNLQ3ddKXXSLXNe95AwkNMrUqqPHkN2J0pdZxqCskYpLT513EIqAIoGOkOAxsoEC8YCfTazqRjX5OK8p9U0hXkgNZbo21KScSIgWUppXH2qCXRwWu/HEkwtaVn94/wLBnvwMgO0JaPZr1OXzwUgz01kt7J/CfqaMgnrZTJ/LfryiWUomaJsOklPempCEfeoNW2vLXXH8eCNWY9ldMZ6B3PAqAlX92YbDVtysntqwmfMQvtb4icNlfIYh7PVQwymhlgI1pOTfxv+pyRa2ohAvS0T9y0m0wXVFd9GpVPbERkzFA49b3af5jB+6RYmYabZWw0skFFTsXXOsBpMVl3RANnmE094CbwvFV5nA1NCnZmsRYPAExNHEGBFn1NHW9uh2FUhleh7pNBb96uQQL/GJonqk5/BaZ0f2oKumAA1M+yuCXGMVxy69buYzVxd/uDGPkuOqDSBmimbetlA3l+RvmDq3APeK84c6dVj2lM5HxuFga5Fyhf7yYnrqUzoHpzoS4ZAJps3G2JlEA3ugeEE+YLtwaVGvabK2vmYNb4OGZX5r8bvmRcDQ1J7t/J4K9daAjlrEKtMUuuIIBBxRZNgrR3oQ5Xf/YXBi4CcKv1i+qm/jG0v/hI9IL6FW6MmbbCpTeEZ0vBfpBznOAnaLBMZhgguIC39tZHRJb1S7lXincvh55xkk3W7sBxak0vG8wOaIikEVTMVjOpXLhInZCwTtCLglPA3ajjcoU5bh3He6gupvr7nxGn3TTCTukECTuz6HefCsV0gmNr+DWc53whjW5FSYqLKbwW0orQRFTk/YthHPVhJ8r0TJtg9snnsz6Iu9ub6Ey+LP+pStchQUoflMC8w3RHAE/YtSnDr/tLwHmrKIOM7nj2h8Nm8jR8KEL7sEJHZAnOeJ5rZ8Y8cgyGaxRiNijFJqdPdFpJDqYFuC49sdMniKL2zb/0LU9WfxeLyeDhqRsPGJDRFOjFJQ4OAJIdJLJovHid4T9WR9ymWo19GyE/w1igPbKIq7MIGac/UD/AcH1D+ZgAEJLHo9HIRXM/QNxaihPiAL/iEuUsPyLByiWSUq0jq96BBtRy6/Rb62G+Ek/3V8opkCq9QT5PKCdSDv6c5WUVxPraToRjzdDYreX164AXd4sIakXMENGjBLQ8uI4zDgglv79Giq2mM2uRnuU4XqDtiWaNRXvekxf1NRYaTsa+SJUzuEkq3GRHgzXS5GCk94XcUsWS6QHnYvWECSxJn1KW7OEKgWn7RWML8rltHBYBF2vYCc0QlGknfbL7VMT4wFwYJKoZIhvcNAQkUMQoeCAAxADIAMwA2MCMGCSqGSIb3DQEJFTEWBBQkrSbv1J6LBm0gY3Wlx/7csHAmkTCCBjMGCSqGSIb3DQEHBqCCBiQwggYgAgEAMIIGGQYJKoZIhvcNAQcBMCgGCiqGSIb3DQEMAQYwGgQUQyts64kvErZ+QscSIeZxd3vPH9ECAgQAgIIF4EzIaxUw7rctd06uGOztbDB7SUGQuug4py6v55IxNE9QgPyqxv2c9s6S5JG9rrAO4mSYKff+cVh55FwCGi9v8UQSekUC2+tgoHm4Voi5cAjzY6PIZDRqD2zJwKyNLCprtVERo5f6sbZm74UUkAxxrc1wOOKmkPjQB4QUNE6zFDikdzGJpTRF0DJCqd5Q0lKXnJVe21wFswFqVE9hvaq5mwE0zJNHp2R2C0GXQlaRH5f6JhJp02BHg2zt9OADcqm5C8Ckmp6pffDEsptdl6Q4lVz0f1haQkIwLM0yBORumQXlJiAeumIyMvtVPPx0Jvv3HAH//MuhuYq8KGq1JjkVkvoFgL6N9y4vz4WLKEtM1KiVHsjrBZVDx08Z10rEgvSz3dWQXLVCE0Y5mMM3vbXXjkT8MyoyRevZQr/H9csLEU/p+NLw/5jC5MoPlF8MI6KklkNLTtS584/LnTkFXoLUfA1pDdWUAMiTXkh8VwiKRblQreCRQ5ZGvTAtQedLwUp1jXJDdsenOtl2tSj6PLMqil1c0FJ7pDrN/QQeLkUPlFASOu9yc9zJ8qaz2tsM70RTVLMrQLEBOm1S02+uGVg7oTKdoC8BffibB9pUcvoAuCGM7R2MWFQyofzJ86ryvqzcbvjMspVEaL7135UCBUO6piloHClRzJO+CKYi9uRYcuV3DcuRDqw40X61Rh1Q5X8EoPwN92WTwmA82wh69tnbT8Z/lgnANxjrKUt6si0kO69VQx6HQvBH3ESZBBaCu/0nDqLT/Zdk1gx1LDLeeKnURuPJI0glaTstH47T4p1dwCfCsVULXE/K9FJy5FRLLjR/ir889ez2uDk7yM2WFFaNX0fLXZeAK+b+5KQwq5erZLnas0QS0R2F83hh8TCewXAtM9bOC30U7gFYE4YSIOCrBHo538JQbkMwmobk0ygZPrpSoUMi75xfzKnz0CzdIRJCRuDDljBUJSZ7fenRRX/rX3LOFUxmp+pyqWqcfNdBbYo68dB/h3sVdRLKHz6Rk2l4MM/fZ6YoVrn7Nl4SUvdO/D6lLMfkJEQ0QN5ZWAn06Rohhj1xjvUivG69nKQ6su2OsXeJJeC7d96SN9M3S5ECv4bqJvkPS5QgL/Gpb+fOFhEVIrMorxhSuGqQizz6WDDT7uuvVoNBgadhi1Me/49YqJYHDb6oaCV/e71feTGo2y68HeEdkqytH/T3GoKU+gCosq65DTpmuRf4lTrSWXMIoNXHzbO5CesmmZdkjDJsPRGOdXwdX+TUfIErWQZvlrNuz87dhvO/V3dxAdpzZiZJih0uEjRq12fnWPOg1pj2w44LdvEc+QKnfBQzOwkGgNxOywQU/H/Bmujq+Pd2Vm30XalX1AYqNlhQ9rdeOkNecJIuFIQH392WsinOLs+jgDckvGMQ2q+uHEJbQHgyRlF2eIUAygEeZu2nuaYifB3GcCQcKq3O1rOprQ6y3lxUKSNi11VJHsjViY/P9k4U6j4ot/UPvO12o2H8qrzteggn3xbPEf3oaSiQUs1gwJirIa+gB3rSQGWJJYPZWnO+gfAwprjKPdL8ehNakG00i0p6vp4buA1OuIaR7+UaHAX7F9IvGNNa3W95hTKYmLC8t+Tjbl8QDXciMSr75a+JDCWYYxYVM11QaAbHD0yKkR+rxGwO/pOsXNL7bfywlm9PvlxV4WV6pHof/iL+bnNYNrqbMLvhxaHLyeVOgdW5R3d7HQMSmdgbnVZr6TS1gCZE8PamGpAilbcE5keJkjsW748scEs6u5sxGffmSOBaxTnrCXFrBpDn4DQkfXJIKSf6m2AwF9+zr8RKo8wm4lBqIG5UmcMhCkAqBOQk21Qo3T1wF7sSt5p1iC7wm5WuS8QmWCD8DA0+A3PumHB0PqknTUfHU4++36xVQ/xMkl25+MY9Ccma2UqfABEwx+4fRhxCDcW/mxWcOba6TasvAsO1bZ85R0nYA5j94to2WVSEgmFcSvJ6oC9bj45Xlm/p0cJnUC4SkK4wPTAhMAkGBSsOAwIaBQAEFMqqqvbW/RAn6Y5KSSS3mHaf17suBBT2hJF9s0ZbpPufpsmSlGORUa4f2QICBAA=</pkcs12></remsig>
