<?xml version="1.0" encoding="UTF-8"?><remsig>  <operationId>1463326314008</operationId></remsig>
