<?xml version="1.0" encoding="UTF-8"?><remsig>  <error>500: Wrong password</error></remsig>
