<?xml version="1.0" encoding="UTF-8"?><remsig>  <requestId>7</requestId>  <operationId>1463326314713</operationId></remsig>
