<?xml version="1.0" encoding="UTF-8"?><remsig>  <error>246: Error while generating certificate chain</error></remsig>
