<?xml version="1.0" encoding="UTF-8"?><remsig>  <error>600: Internal error</error></remsig>
